// Jest Snapshot v1, https://goo.gl/fbAQLP

exports[`displays an character renders one single character 1`] = `
<DocumentFragment>
  <ul
    data-testid="monsters"
  />
</DocumentFragment>
`;
